// Jest Snapshot v1, https://goo.gl/fbAQLP

exports[`List renders snapshot 1`] = `
<div>
  <div
    className="item-header"
    style={
      Object {
        "display": "flex",
      }
    }
  >
    <span
      style={
        Object {
          "width": "40%",
        }
      }
    >
      <button
        className=""
        disabled={false}
        onClick={[Function]}
        type="button"
      >
        Title
      </button>
    </span>
    <span
      style={
        Object {
          "width": "30%",
        }
      }
    >
      <button
        className=""
        disabled={false}
        onClick={[Function]}
        type="button"
      >
        Author
      </button>
    </span>
    <span
      style={
        Object {
          "width": "10%",
        }
      }
    >
      <button
        className=""
        disabled={false}
        onClick={[Function]}
        type="button"
      >
        Comments
      </button>
    </span>
    <span
      style={
        Object {
          "width": "10%",
        }
      }
    >
      <button
        className=""
        disabled={false}
        onClick={[Function]}
        type="button"
      >
        Points
      </button>
    </span>
    <span
      style={
        Object {
          "width": "10%",
        }
      }
    >
      Action
    </span>
  </div>
  <div
    className="item"
    style={
      Object {
        "display": "flex",
      }
    }
  >
    <span
      style={
        Object {
          "width": "40%",
        }
      }
    >
      <a
        href="https://reactjs.org/"
        rel="noopener noreferrer"
        target="_blank"
      >
        React
      </a>
    </span>
    <span
      style={
        Object {
          "width": "30%",
        }
      }
    >
      Jordan Walke
    </span>
    <span
      style={
        Object {
          "width": "10%",
        }
      }
    >
      3
    </span>
    <span
      style={
        Object {
          "width": "10%",
        }
      }
    >
      4
    </span>
    <span
      style={
        Object {
          "width": "10%",
        }
      }
    >
      <button
        className="button button-small"
        disabled={false}
        onClick={[Function]}
        type="button"
      >
        <svg
          height="18px"
          width="18px"
        >
          check.svg
        </svg>
      </button>
    </span>
  </div>
  <div
    className="item"
    style={
      Object {
        "display": "flex",
      }
    }
  >
    <span
      style={
        Object {
          "width": "40%",
        }
      }
    >
      <a
        href="https://redux.js.org/"
        rel="noopener noreferrer"
        target="_blank"
      >
        Redux
      </a>
    </span>
    <span
      style={
        Object {
          "width": "30%",
        }
      }
    >
      Dan Abramov, Andrew Clark
    </span>
    <span
      style={
        Object {
          "width": "10%",
        }
      }
    >
      2
    </span>
    <span
      style={
        Object {
          "width": "10%",
        }
      }
    >
      5
    </span>
    <span
      style={
        Object {
          "width": "10%",
        }
      }
    >
      <button
        className="button button-small"
        disabled={false}
        onClick={[Function]}
        type="button"
      >
        <svg
          height="18px"
          width="18px"
        >
          check.svg
        </svg>
      </button>
    </span>
  </div>
</div>
`;
